warning: unused imports: `PatternMetadata` and `Spike`
 --> src/neuromorphic/src/reservoir.rs:5:34
  |
5 | use crate::types::{SpikePattern, Spike, PatternMetadata};
  |                                  ^^^^^  ^^^^^^^^^^^^^^^
  |
  = note: `#[warn(unused_imports)]` on by default

warning: unused import: `Pattern`
 --> src/neuromorphic/src/pattern_detector.rs:5:34
  |
5 | use crate::types::{SpikePattern, Pattern, PatternMetadata};
  |                                  ^^^^^^^

warning: use of deprecated method `chrono::DateTime::<Tz>::timestamp_nanos`: use `timestamp_nanos_opt()` instead
   --> src/neuromorphic/src/pattern_detector.rs:347:38
    |
347 |         let now = chrono::Utc::now().timestamp_nanos() as u64;
    |                                      ^^^^^^^^^^^^^^^
    |
    = note: `#[warn(deprecated)]` on by default

warning: use of deprecated method `chrono::DateTime::<Tz>::timestamp_nanos`: use `timestamp_nanos_opt()` instead
   --> src/neuromorphic/src/pattern_detector.rs:359:38
    |
359 |         let now = chrono::Utc::now().timestamp_nanos() as u64;
    |                                      ^^^^^^^^^^^^^^^

warning: unused variable: `reason`
   --> src/neuromorphic/src/pattern_detector.rs:357:30
    |
357 |     fn record_failure(&self, reason: &str) {
    |                              ^^^^^^ help: if this is intentional, prefix it with an underscore: `_reason`
    |
    = note: `#[warn(unused_variables)]` on by default

warning: type `ReservoirStatistics` is more private than the item `ReservoirComputer::get_statistics`
   --> src/neuromorphic/src/reservoir.rs:224:5
    |
224 |     pub fn get_statistics(&self) -> &ReservoirStatistics {
    |     ^^^^^^^^^^^^^^^^^^^^^^^^^^^^^^^^^^^^^^^^^^^^^^^^^^^^ method `ReservoirComputer::get_statistics` is reachable at visibility `pub`
    |
note: but type `ReservoirStatistics` is only usable at visibility `pub(self)`
   --> src/neuromorphic/src/reservoir.rs:108:1
    |
108 | struct ReservoirStatistics {
    | ^^^^^^^^^^^^^^^^^^^^^^^^^^
    = note: `#[warn(private_interfaces)]` on by default

warning: `neuromorphic-engine` (lib) generated 6 warnings (run `cargo fix --lib -p neuromorphic-engine` to apply 2 suggestions)
warning: neuromorphic-quantum-platform@0.1.0: CUDA kernels compiled successfully (graph_coloring.cu + tsp_solver.cu)
warning: unused import: `HashMap`
  --> src/quantum/src/gpu_coloring.rs:10:24
   |
10 | use std::collections::{HashMap, HashSet};
   |                        ^^^^^^^
   |
   = note: `#[warn(unused_imports)]` on by default

warning: unused import: `Context`
 --> src/quantum/src/prct_tsp.rs:8:22
  |
8 | use anyhow::{Result, Context};
  |                      ^^^^^^^

warning: unused import: `Context`
  --> src/quantum/src/qubo.rs:10:22
   |
10 | use anyhow::{anyhow, Context, Result};
   |                      ^^^^^^^

warning: unused import: `std::sync::Arc`
  --> src/quantum/src/qubo.rs:12:5
   |
12 | use std::sync::Arc;
   |     ^^^^^^^^^^^^^^

warning: value assigned to `current_energy` is never read
   --> src/quantum/src/qubo.rs:161:17
    |
161 |         let mut current_energy = self.best_energy;
    |                 ^^^^^^^^^^^^^^
    |
    = help: maybe it is overwritten before being read?
    = note: `#[warn(unused_assignments)]` on by default

warning: fields `masses`, `stencil_order`, and `energy_tolerance` are never read
   --> src/quantum/src/hamiltonian.rs:526:5
    |
519 | pub struct Hamiltonian {
    |            ----------- fields in this struct
...
526 |     masses: Array1<f64>,
    |     ^^^^^^
...
542 |     stencil_order: usize,   // Finite difference stencil order (9-point)
    |     ^^^^^^^^^^^^^
...
572 |     energy_tolerance: f64,
    |     ^^^^^^^^^^^^^^^^
    |
    = note: `Hamiltonian` has derived impls for the traits `Clone` and `Debug`, but these are intentionally ignored during dead code analysis
    = note: `#[warn(dead_code)]` on by default

warning: methods `calculate_coupling_strength` and `pauli_dot_product` are never used
    --> src/quantum/src/hamiltonian.rs:1180:8
     |
 578 | impl Hamiltonian {
     | ---------------- methods in this implementation
...
1180 |     fn calculate_coupling_strength(&self, i: usize, j: usize, _t: f64) -> Complex64 {
     |        ^^^^^^^^^^^^^^^^^^^^^^^^^^^
...
1191 |     fn pauli_dot_product(&self, _i: usize, _j: usize) -> Complex64 {
     |        ^^^^^^^^^^^^^^^^^

warning: `quantum-engine` (lib) generated 7 warnings (run `cargo fix --lib -p quantum-engine` to apply 4 suggestions)
   Compiling platform-foundation v0.1.0 (/home/is/neuromorphic-quantum-platform-clean/src/foundation)
warning: unused imports: `EncodingMethod` and `EncodingParameters`
  --> src/foundation/src/platform.rs:9:19
   |
 9 |     SpikeEncoder, EncodingParameters, ReservoirComputer, PatternDetector,
   |                   ^^^^^^^^^^^^^^^^^^
10 |     InputData, EncodingMethod
   |                ^^^^^^^^^^^^^^
   |
   = note: `#[warn(unused_imports)]` on by default

warning: unused import: `calculate_ground_state`
  --> src/foundation/src/platform.rs:13:53
   |
13 | use quantum_engine::{Hamiltonian, ForceFieldParams, calculate_ground_state};
   |                                                     ^^^^^^^^^^^^^^^^^^^^^^

warning: unused import: `SourceInfo`
 --> src/foundation/src/ingestion/engine.rs:5:43
  |
5 | use super::types::{DataPoint, DataSource, SourceInfo};
  |                                           ^^^^^^^^^^

warning: unused import: `nalgebra::DVector`
  --> src/foundation/src/coupling_physics.rs:14:5
   |
14 | use nalgebra::DVector;
   |     ^^^^^^^^^^^^^^^^^

warning: unused import: `std::collections::HashMap`
  --> src/foundation/src/coupling_physics.rs:16:5
   |
16 | use std::collections::HashMap;
   |     ^^^^^^^^^^^^^^^^^^^^^^^^^

warning: variable does not need to be mutable
   --> src/foundation/src/platform.rs:211:33
    |
211 |     pub async fn process(&self, mut input: PlatformInput) -> Result<PlatformOutput> {
    |                                 ----^^^^^
    |                                 |
    |                                 help: remove this `mut`
    |
    = note: `#[warn(unused_mut)]` on by default

warning: field `quantum_hamiltonian` is never read
  --> src/foundation/src/platform.rs:33:5
   |
26 | pub struct NeuromorphicQuantumPlatform {
   |            --------------------------- field in this struct
...
33 |     quantum_hamiltonian: Arc<RwLock<Option<Hamiltonian>>>,
   |     ^^^^^^^^^^^^^^^^^^^
   |
   = note: `NeuromorphicQuantumPlatform` has a derived impl for the trait `Debug`, but this is intentionally ignored during dead code analysis
   = note: `#[warn(dead_code)]` on by default

warning: field `state_to_reservoir` is never read
   --> src/foundation/src/platform.rs:101:5
    |
 95 | struct BidirectionalCoupling {
    |        --------------------- field in this struct
...
101 |     state_to_reservoir: f64,
    |     ^^^^^^^^^^^^^^^^^^
    |
    = note: `BidirectionalCoupling` has derived impls for the traits `Clone` and `Debug`, but these are intentionally ignored during dead code analysis

warning: methods `ensure_quantum_initialized`, `extract_quantum_features`, and `initialize_quantum_state` are never used
   --> src/foundation/src/platform.rs:733:14
    |
167 | impl NeuromorphicQuantumPlatform {
    | -------------------------------- methods in this implementation
...
733 |     async fn ensure_quantum_initialized(&self, input: &PlatformInput) -> Result<()> {
    |              ^^^^^^^^^^^^^^^^^^^^^^^^^^
...
757 |     async fn extract_quantum_features(&self, _input: &PlatformInput, neuro_results: &NeuromorphicResults) -> Vec<f64> {
    |              ^^^^^^^^^^^^^^^^^^^^^^^^
...
797 |     async fn initialize_quantum_state(&self, hamiltonian: &mut Hamiltonian, features: &[f64]) -> Array1<Complex64> {
    |              ^^^^^^^^^^^^^^^^^^^^^^^^

warning: associated function `ingest_from_source` is never used
   --> src/foundation/src/ingestion/engine.rs:325:14
    |
 69 | impl IngestionEngine {
    | -------------------- associated function in this implementation
...
325 |     async fn ingest_from_source(
    |              ^^^^^^^^^^^^^^^^^^

   Compiling neuromorphic-quantum-platform v0.1.0 (/home/is/neuromorphic-quantum-platform-clean)
warning: `platform-foundation` (lib) generated 10 warnings (run `cargo fix --lib -p platform-foundation` to apply 6 suggestions)
    Finished `release` profile [optimized] target(s) in 1.99s
